Command: /home/qbrian/.espressif/tools/python/v6.0/venv/bin/python /home/qbrian/.espressif/v6.0/esp-idf/tools/idf_monitor.py -p /dev/serial/by-path/pci-0000:00:14.0-usbv2-0:4:1.0-port0 -b 115200 --toolchain-prefix xtensa-esp32-elf- --target esp32 --revision 0 /home/qbrian/Documents/10-ARS/Project/KitSphere/dtm.rs485.client.esp32.freertos.cpp.d68d838a/devTable/build/devTable.elf /home/qbrian/Documents/10-ARS/Project/KitSphere/dtm.rs485.client.esp32.freertos.cpp.d68d838a/devTable/build/bootloader/bootloader.elf -m '/home/qbrian/.espressif/tools/python/v6.0/venv/bin/python' '/home/qbrian/.espressif/v6.0/esp-idf/tools/idf.py' '-p' '/dev/serial/by-path/pci-0000:00:14.0-usbv2-0:4:1.0-port0'
ets Jul 29 2019 12:21:46

rst:0x1 (POWERON_RESET),boot:0x17 (SPI_FAST_FLASH_BOOT)
configsip: 0, SPIWP:0xee
clk_drv:0x00,q_drv:0x00,d_drv:0x00,cs0_drv:0x00,hd_drv:0x00,wp_drv:0x00
mode:DIO, clock div:2
load:0x3fff0040,len:6272
load:0x40078000,len:15848
load:0x40080400,len:3920
entry 0x40080644
[0;32mI (27) boot: ESP-IDF v6.0 2nd stage bootloader[0m
[0;32mI (27) boot: compile time Apr 28 2026 22:37:49[0m
[0;32mI (28) boot: Multicore bootloader[0m
[0;32mI (29) boot: chip revision: v3.1[0m
[0;32mI (31) boot.esp32: SPI Speed      : 40MHz[0m
[0;32mI (35) boot.esp32: SPI Mode       : DIO[0m
[0;32mI (39) boot.esp32: SPI Flash Size : 2MB[0m
[0;32mI (42) boot: Enabling RNG early entropy source...[0m
[0;32mI (47) boot: Partition Table:[0m
[0;32mI (49) boot: ## Label            Usage          Type ST Offset   Length[0m
[0;32mI (56) boot:  0 nvs              WiFi data        01 02 00009000 00006000[0m
[0;32mI (62) boot:  1 phy_init         RF data          01 01 0000f000 00001000[0m
[0;32mI (69) boot:  2 factory          factory app      00 00 00010000 00100000[0m
[0;32mI (75) boot: End of partition table[0m
[0;32mI (79) esp_image: segment 0: paddr=00010020 vaddr=3f400020 size=419a4h (268708) map[0m
[0;32mI (182) esp_image: segment 1: paddr=000519cc vaddr=3ffb0000 size=02adch ( 10972) load[0m
[0;32mI (186) esp_image: segment 2: paddr=000544b0 vaddr=40080000 size=0ba4ch ( 47692) load[0m
[0;32mI (206) esp_image: segment 3: paddr=0005ff04 vaddr=50000000 size=00028h (    40) load[0m
[0;32mI (206) esp_image: segment 4: paddr=0005ff34 vaddr=00000000 size=000e4h (   228) [0m
[0;32mI (210) esp_image: segment 5: paddr=00060020 vaddr=400d0020 size=42730h (272176) map[0m
[0;32mI (320) boot: Loaded app from partition at offset 0x10000[0m
[0;32mI (320) boot: Disabling RNG early entropy source...[0m
[0;32mI (331) cpu_start: Multicore app[0m
[0;32mI (339) cpu_start: GPIO 3 and 1 are used as console UART I/O pins[0m
[0;32mI (339) cpu_start: Pro cpu start user code[0m
[0;32mI (339) cpu_start: cpu freq: 160000000 Hz[0m
